// Vitest Snapshot v1, https://vitest.dev/guide/snapshot.html

exports[`parser > parses a simple file 1`] = `
{
  "body": [
    {
      "args": undefined,
      "attrs": undefined,
      "body": undefined,
      "bodyType": 0,
      "close": {
        "end": 11,
        "start": 5,
      },
      "comments": undefined,
      "concise": false,
      "end": 11,
      "hasAttrTags": false,
      "name": {
        "end": 4,
        "expressions": [],
        "parent": [Circular],
        "quasis": [
          {
            "end": 4,
            "start": 1,
          },
        ],
        "start": 1,
        "type": "OpenTagName",
      },
      "nameText": "div",
      "open": {
        "end": 5,
        "start": 0,
      },
      "owner": undefined,
      "params": undefined,
      "parent": [Circular],
      "selfClosed": false,
      "shorthandClassNames": undefined,
      "shorthandId": undefined,
      "start": 0,
      "type": "Tag",
      "typeArgs": undefined,
      "typeParams": undefined,
      "var": undefined,
    },
  ],
  "comments": undefined,
  "end": 11,
  "parent": undefined,
  "start": 0,
  "static": [],
  "type": "Program",
}
`;
